[     117ms] [INFO] %cDownload the React DevTools for a better development experience: https://react.dev/link/react-devtools font-weight:bold @ http://localhost:3000/_next/static/chunks/node_modules_next_dist_115brz8._.js:2431
[     138ms] [LOG] [HMR] connected @ http://localhost:3000/_next/static/chunks/node_modules_next_dist_115brz8._.js:2431
[ 2579347ms] [LOG] [Fast Refresh] rebuilding @ http://localhost:3000/_next/static/chunks/node_modules_next_dist_115brz8._.js:2431
[ 2579569ms] [LOG] [Fast Refresh] done in 334ms @ http://localhost:3000/_next/static/chunks/node_modules_next_dist_115brz8._.js:2431
[ 2580096ms] [LOG] [Fast Refresh] rebuilding @ http://localhost:3000/_next/static/chunks/node_modules_next_dist_115brz8._.js:2431
[ 2580264ms] [LOG] [Fast Refresh] done in 281ms @ http://localhost:3000/_next/static/chunks/node_modules_next_dist_115brz8._.js:2431
[ 2580936ms] [LOG] [Fast Refresh] rebuilding @ http://localhost:3000/_next/static/chunks/node_modules_next_dist_115brz8._.js:2431
[ 2581086ms] [LOG] [Fast Refresh] done in 260ms @ http://localhost:3000/_next/static/chunks/node_modules_next_dist_115brz8._.js:2431
[ 2607352ms] [ERROR] WebSocket connection to 'ws://localhost:3000/_next/webpack-hmr?id=HsL9yzF2uSAJyt44Y7EzJ' failed: Error in connection establishment: net::ERR_CONNECTION_REFUSED @ http://localhost:3000/_next/static/chunks/node_modules_next_dist_client_0fhqo1d._.js:13299
[ 2610728ms] [ERROR] WebSocket connection to 'ws://localhost:3000/_next/webpack-hmr?id=HsL9yzF2uSAJyt44Y7EzJ' failed: Error in connection establishment: net::ERR_CONNECTION_REFUSED @ http://localhost:3000/_next/static/chunks/node_modules_next_dist_client_0fhqo1d._.js:13299
[ 2614093ms] [ERROR] WebSocket connection to 'ws://localhost:3000/_next/webpack-hmr?id=HsL9yzF2uSAJyt44Y7EzJ' failed: Error in connection establishment: net::ERR_CONNECTION_REFUSED @ http://localhost:3000/_next/static/chunks/node_modules_next_dist_client_0fhqo1d._.js:13299
[ 2617467ms] [ERROR] WebSocket connection to 'ws://localhost:3000/_next/webpack-hmr?id=HsL9yzF2uSAJyt44Y7EzJ' failed: Error in connection establishment: net::ERR_CONNECTION_REFUSED @ http://localhost:3000/_next/static/chunks/node_modules_next_dist_client_0fhqo1d._.js:13299
[ 2620852ms] [ERROR] WebSocket connection to 'ws://localhost:3000/_next/webpack-hmr?id=HsL9yzF2uSAJyt44Y7EzJ' failed: Error in connection establishment: net::ERR_CONNECTION_REFUSED @ http://localhost:3000/_next/static/chunks/node_modules_next_dist_client_0fhqo1d._.js:13299
[ 2628222ms] [ERROR] WebSocket connection to 'ws://localhost:3000/_next/webpack-hmr?id=HsL9yzF2uSAJyt44Y7EzJ' failed: Error in connection establishment: net::ERR_CONNECTION_REFUSED @ http://localhost:3000/_next/static/chunks/node_modules_next_dist_client_0fhqo1d._.js:13299
[ 2635590ms] [ERROR] WebSocket connection to 'ws://localhost:3000/_next/webpack-hmr?id=HsL9yzF2uSAJyt44Y7EzJ' failed: Error in connection establishment: net::ERR_CONNECTION_REFUSED @ http://localhost:3000/_next/static/chunks/node_modules_next_dist_client_0fhqo1d._.js:13299
[ 2642966ms] [ERROR] WebSocket connection to 'ws://localhost:3000/_next/webpack-hmr?id=HsL9yzF2uSAJyt44Y7EzJ' failed: Error in connection establishment: net::ERR_CONNECTION_REFUSED @ http://localhost:3000/_next/static/chunks/node_modules_next_dist_client_0fhqo1d._.js:13299
[ 2650339ms] [ERROR] WebSocket connection to 'ws://localhost:3000/_next/webpack-hmr?id=HsL9yzF2uSAJyt44Y7EzJ' failed: Error in connection establishment: net::ERR_CONNECTION_REFUSED @ http://localhost:3000/_next/static/chunks/node_modules_next_dist_client_0fhqo1d._.js:13299
[ 2657754ms] [ERROR] WebSocket connection to 'ws://localhost:3000/_next/webpack-hmr?id=HsL9yzF2uSAJyt44Y7EzJ' failed: Error in connection establishment: net::ERR_CONNECTION_REFUSED @ http://localhost:3000/_next/static/chunks/node_modules_next_dist_client_0fhqo1d._.js:13299
[ 2665170ms] [ERROR] WebSocket connection to 'ws://localhost:3000/_next/webpack-hmr?id=HsL9yzF2uSAJyt44Y7EzJ' failed: Error in connection establishment: net::ERR_CONNECTION_REFUSED @ http://localhost:3000/_next/static/chunks/node_modules_next_dist_client_0fhqo1d._.js:13299
[ 2672563ms] [ERROR] WebSocket connection to 'ws://localhost:3000/_next/webpack-hmr?id=HsL9yzF2uSAJyt44Y7EzJ' failed: Error in connection establishment: net::ERR_CONNECTION_REFUSED @ http://localhost:3000/_next/static/chunks/node_modules_next_dist_client_0fhqo1d._.js:13299
